******************************************************************************
                  TI ARM Linker PC v18.1.1                     
******************************************************************************
>> Linked Thu Sep  6 10:42:56 2018

OUTPUT FILE NAME:   <ble5_simple_peripheral_cc26x2r1lp_app.out>
ENTRY POINT SYMBOL: "ResetISR"  address: 00017e91


MEMORY CONFIGURATION

         name            origin    length      used     unused   attr    fill
----------------------  --------  ---------  --------  --------  ----  --------
  FLASH                 00000000   00056000  000257a2  0003085e  R  X
  FLASH_LAST_PAGE       00056000   00002000  00000058  00001fa8  R  X
  SRAM                  20000000   000134f8  00002b44  000109b4  RW X


SEGMENT ALLOCATION MAP

run origin  load origin   length   init length attrs members
----------  ----------- ---------- ----------- ----- -------
00000000    00000000    000217a8   000217a8    r-x
  00000000    00000000    0000003c   0000003c    r-- .resetVecs
  0000003c    0000003c    000203bc   000203bc    r-x .text
  000203f8    000203f8    00000d12   00000d12    r-- .const
  0002110c    0002110c    00000148   00000148    r-- .rodata
  00021258    00021258    00000550   00000550    r-- .cinit
00048000    00048000    00004000   00000000    rw-
  00048000    00048000    00004000   00000000    rw- .TI.bound:flashBuf$18
00057fa8    00057fa8    00000058   00000058    r--
  00057fa8    00057fa8    00000058   00000058    r-- .ccfg
20000100    20000100    00002670   00000000    rw-
  20000100    20000100    00000004   00000000    rw- .data:xdcRomConstPtr
  20000104    20000104    00000004   00000000    rw- .data:xdcRomExternFuncPtr
  20000108    20000108    00000004   00000000    rw- .data:xdcRomStatePtr
  20000110    20000110    00001348   00000000    rw- .data
  20001458    20001458    00001318   00000000    rw- .bss
200130f8    200130f8    00000400   00000000    rw-
  200130f8    200130f8    00000400   00000000    rw- .stack


SECTION ALLOCATION MAP

 output                                  attributes/
section   page    origin      length       input sections
--------  ----  ----------  ----------   ----------------
.data:xdcRomConstPtr 
*          0    20000100    00000004     UNINITIALIZED
                  20000100    00000004     ble_release_pem4f.oem4f (.data:xdcRomConstPtr)

.data:xdcRomExternFuncPtr 
*          0    20000104    00000004     UNINITIALIZED
                  20000104    00000004     ble_release_pem4f.oem4f (.data:xdcRomExternFuncPtr)

.data:xdcRomStatePtr 
*          0    20000108    00000004     UNINITIALIZED
                  20000108    00000004     ble_release_pem4f.oem4f (.data:xdcRomStatePtr)

.bootVecs 
*          0    00000000    00000008     DSECT
                  00000000    00000008     boot.aem4f : boot.oem4f (.bootVecs)

.resetVecs 
*          0    00000000    0000003c     
                  00000000    0000003c     ble_release_pem4f.oem4f (.resetVecs)

.vecs      0    20000000    000000d8     NOLOAD SECTION
                  20000000    000000d8     ble_release_pem4f.oem4f (.vecs)

xdc.meta   0    00000000    00000114     COPY SECTION
                  00000000    00000114     ble_release_pem4f.oem4f (xdc.meta)

xdc.noload 
*          0    00000000    00000000     COPY SECTION

.cinit     0    00021258    00000550     
                  00021258    000004f6     (.cinit..data.load) [load image, compression = lzss]
                  0002174e    00000002     --HOLE-- [fill = 0]
                  00021750    0000000c     (__TI_handler_table)
                  0002175c    00000004     --HOLE-- [fill = 0]
                  00021760    00000008     (.cinit..bss.load) [load image, compression = zero_init]
                  00021768    00000008     (.cinit..data:xdcRomConstPtr.load) [load image, compression = lzss]
                  00021770    00000008     (.cinit..data:xdcRomExternFuncPtr.load) [load image, compression = lzss]
                  00021778    00000008     (.cinit..data:xdcRomStatePtr.load) [load image, compression = lzss]
                  00021780    00000028     (__TI_cinit_table)

.init_array 
*          0    00000000    00000000     UNINITIALIZED

.TI.bound:flashBuf$18 
*          0    00048000    00004000     UNINITIALIZED
                  00048000    00004000     board.obj (.TI.bound:flashBuf$18)

.ccfg      0    00057fa8    00000058     
                  00057fa8    00000058     ccfg_app_ble.obj (.ccfg:retain)

.data      0    20000110    00001348     UNINITIALIZED
                  20000110    000005c0     simple_peripheral.obj (.data:$O2$$)
                  200006d0    000001d4     devinfoservice.obj (.data:$O10$$)
                  200008a4    00000138     simple_gatt_profile.obj (.data:$O12$$)
                  200009dc    00000108     ble_release_pem4f.oem4f (.data:ROM_stateStruct)
                  20000ae4    00000100     ble5_simple_peripheral_cc26x2r1lp_stack_library.lib : gapbondmgr.obj (.data:$O17$$)
                  20000be4    000000e8     drivers_cc26x2_v1.aem4f : PowerCC26X2.oem4f (.data:PowerCC26X2_module)
                  20000ccc    0000009c     icall.obj (.data:$O7$$)
                  20000d68    00000090     profiles_pxxx.a : gapgattserver.o (.data)
                  20000df8    0000007c     ble5_simple_peripheral_cc26x2r1lp_stack_library.lib : osal_cbtimer.obj (.data:$O19$$)
                  20000e74    0000004c     ll_pxxx.a : ll_config.o (.data)
                  20000ec0    0000004c     ble_release_pem4f.oem4f (.data:ti_sysbios_knl_Task_Object__table__V)
                  20000f0c    00000048     board_key.obj (.data:$O1$$)
                  20000f54    00000004     ble5_simple_peripheral_cc26x2r1lp_stack_library.lib : gap.obj (.data:$O16$$)
                  20000f58    00000048     ble_release_pem4f.oem4f (.data:ti_sysbios_family_arm_cc26xx_Timer_Object__table__V)
                  20000fa0    00000040     ble_user_config.obj (.data:rfRegTbl)
                  20000fe0    0000003c     simple_peripheral_menu.obj (.data:spMenuConnPhy)
                  2000101c    00000038     nvoctp.obj (.data:$O6$$)
                  20001054    00000038     ble_release_pem4f.oem4f (.data:ti_sysbios_gates_GateMutex_Object__table__V)
                  2000108c    00000030     ble_release_pem4f.oem4f (.data:ti_sysbios_knl_Swi_Module_State_0_readyQ__A)
                  200010bc    00000030     ble_release_pem4f.oem4f (.data:ti_sysbios_knl_Swi_Object__table__V)
                  200010ec    00000030     ble_release_pem4f.oem4f (.data:ti_sysbios_knl_Task_Module_State_0_readyQ__A)
                  2000111c    0000002c     ble5_simple_peripheral_cc26x2r1lp_stack_library.lib : osal.obj (.data:$O18$$)
                  20001148    00000028     icall_user_config.obj (.data:nvintfFncStruct)
                  20001170    00000020     ble_user_config.obj (.data:eccParams_NISTP256)
                  20001190    00000020     ble_release_pem4f.oem4f (.data:ti_sysbios_knl_Clock_Object__table__V)
                  200011b0    00000020     ble_release_pem4f.oem4f (.data:xdc_runtime_Error_IgnoreBlock)
                  200011d0    0000001c     simple_peripheral_menu.obj (.data:spMenuSelectConn)
                  200011ec    00000018     ble_release_pem4f.oem4f (.data:ti_sysbios_family_arm_m3_Hwi_Object__table__V)
                  20001204    00000014     gap_pxxx.a : gap_configmgr.o (.data)
                  20001218    00000014     simple_peripheral_menu.obj (.data:spMenuMain)
                  2000122c    00000014     simple_peripheral_menu.obj (.data:spMenuPerConn)
                  20001240    00000011     simple_gatt_profile.obj (.data:simpleProfileChar1UserDesp$17)
                  20001251    00000011     simple_gatt_profile.obj (.data:simpleProfileChar2UserDesp$17)
                  20001262    00000011     simple_gatt_profile.obj (.data:simpleProfileChar3UserDesp$17)
                  20001273    00000011     simple_gatt_profile.obj (.data:simpleProfileChar4UserDesp$17)
                  20001284    00000011     simple_gatt_profile.obj (.data:simpleProfileChar5UserDesp$17)
                  20001295    00000002     drivers_cc26x2_v1.aem4f : CryptoResourceCC26XX.oem4f (.data)
                  20001297    00000001     TRNGCC26XX.obj (.data)
                  20001298    00000010     two_btn_menu.obj (.data:$O4$$)
                  200012a8    00000010     icall_user_config.obj (.data:bleAppServiceInfoTable)
                  200012b8    00000010     gap_pxxx.a : gap_configmgr.o (.data)
                  200012c8    00000010     icall_api_lite.obj (.data)
                  200012d8    00000010     ll_pxxx.a : ll.o (.data)
                  200012e8    00000010               : ll_data.o (.data)
                  200012f8    00000010     profiles_pxxx.a : gattservapp.o (.data)
                  20001308    00000010     ble_user_config.obj (.data:rfRegTbl1M)
                  20001318    00000010     ble_user_config.obj (.data:rfRegTbl2M)
                  20001328    00000010     ble_user_config.obj (.data:rfRegTblCoded)
                  20001338    00000010     main.obj (.data:user0Cfg)
                  20001348    0000000c     ll_pxxx.a : ll_common.o (.data)
                  20001354    0000000c     ble_release_pem4f.oem4f (.data:ti_sysbios_heaps_HeapCallback_Object__table__V)
                  20001360    00000009     devinfoservice.obj (.data)
                  20001369    00000002     drivers_cc26x2_v1.aem4f : PKAResourceCC26XX.oem4f (.data)
                  2000136b    00000001     simple_peripheral.obj (.data:argPeriodic)
                  2000136c    00000008     ble5_simple_peripheral_cc26x2r1lp_stack_library.lib : hal_assert.obj (.data:$O15$$)
                  20001374    00000008                                                         : osal_clock.obj (.data:$O23$$)
                  2000137c    00000008     rtsv7M4_T_le_v4SPD16_eabi.lib : _lock.c.obj (.data:$O24$$)
                  20001384    00000008     icall_cc2650.obj (.data:$O9$$)
                  2000138c    00000008     drivers_cc26x2_v1.aem4f : PINCC26XX.oem4f (.data)
                  20001394    00000008     profiles_pxxx.a : gapgattserver.o (.data)
                  2000139c    00000008     ble_release_pem4f.oem4f (.data:ti_sysbios_family_arm_m3_Hwi_Module__root__V)
                  200013a4    00000008     ble_release_pem4f.oem4f (.data:ti_sysbios_gates_GateHwi_Module__root__V)
                  200013ac    00000008     ble_release_pem4f.oem4f (.data:ti_sysbios_gates_GateMutexPri_Module__root__V)
                  200013b4    00000008     ble_release_pem4f.oem4f (.data:ti_sysbios_gates_GateMutex_Module__root__V)
                  200013bc    00000008     ble_release_pem4f.oem4f (.data:ti_sysbios_hal_Hwi_Module__root__V)
                  200013c4    00000008     ble_release_pem4f.oem4f (.data:ti_sysbios_heaps_HeapCallback_Module__root__V)
                  200013cc    00000008     ble_release_pem4f.oem4f (.data:ti_sysbios_heaps_HeapMem_Module__root__V)
                  200013d4    00000008     ble_release_pem4f.oem4f (.data:ti_sysbios_knl_Clock_Module__root__V)
                  200013dc    00000008     ble_release_pem4f.oem4f (.data:ti_sysbios_knl_Event_Module__root__V)
                  200013e4    00000008     ble_release_pem4f.oem4f (.data:ti_sysbios_knl_Mailbox_Module__root__V)
                  200013ec    00000008     ble_release_pem4f.oem4f (.data:ti_sysbios_knl_Queue_Module__root__V)
                  200013f4    00000008     ble_release_pem4f.oem4f (.data:ti_sysbios_knl_Semaphore_Module__root__V)
                  200013fc    00000008     ble_release_pem4f.oem4f (.data:ti_sysbios_knl_Swi_Module__root__V)
                  20001404    00000008     ble_release_pem4f.oem4f (.data:ti_sysbios_knl_Task_Module__root__V)
                  2000140c    00000008     ble_release_pem4f.oem4f (.data:xdc_runtime_Registry_Module__state__V)
                  20001414    00000005     simple_gatt_profile.obj (.data)
                  20001419    00000001     drivers_cc26x2_v1.aem4f : AESCCMCC26XX.oem4f (.data)
                  2000141a    00000002     gap_pxxx.a : gap_linkmgr.o (.data)
                  2000141c    00000004     ble5_simple_peripheral_cc26x2r1lp_stack_library.lib : osal_pwrmgr.obj (.data:$O20$$)
                  20001420    00000004                                                         : ble_user_config.obj (.data)
                  20001424    00000004                                                         : osal_bufmgr.obj (.data)
                  20001428    00000004     ble_user_config.obj (.data)
                  2000142c    00000004     rtsv7M4_T_le_v4SPD16_eabi.lib : stkdepth_vars.c.obj (.data)
                  20001430    00000004     ble_release_pem4f.oem4f (.data:ti_sysbios_family_arm_m3_Hwi_Module_State_0_excContext__A)
                  20001434    00000004     ble_release_pem4f.oem4f (.data:ti_sysbios_family_arm_m3_Hwi_Module_State_0_excStack__A)
                  20001438    00000004     ble_release_pem4f.oem4f (.data:ti_sysbios_knl_Task_Module_State_0_idleTask__A)
                  2000143c    00000002     gatt_pxxx.a : gatt_server.o (.data)
                  2000143e    00000002     l2cap_pxxx.a : l2cap_task.o (.data)
                  20001440    00000002     ll_pxxx.a : ll_ae.o (.data)
                  20001442    00000002     sm_pxxx.a : sm_mgr.o (.data)
                  20001444    00000002     ble_release_pem4f.oem4f (.data:ti_sysbios_family_arm_m3_Hwi_Module_State_0_excActive__A)
                  20001446    00000001     drivers_cc26x2_v1.aem4f : AESECBCC26XX.oem4f (.data)
                  20001447    00000001                             : ECDHCC26X2.oem4f (.data)
                  20001448    00000001                             : NVS.oem4f (.data)
                  20001449    00000001                             : UART.oem4f (.data)
                  2000144a    00000001     gap_pxxx.a : gap_advertiser.o (.data)
                  2000144b    00000001                : gap_task.o (.data)
                  2000144c    00000001     gatt_pxxx.a : gatt_client.o (.data)
                  2000144d    00000001                 : gatt_server.o (.data)
                  2000144e    00000001                 : gatt_task.o (.data)
                  2000144f    00000001     l2cap_pxxx.a : l2cap_task.o (.data)
                  20001450    00000001                  : l2cap_task.o (.data)
                  20001451    00000001     ll_pxxx.a : ll_ae.o (.data)
                  20001452    00000001               : ll_ae.o (.data)
                  20001453    00000001     profiles_pxxx.a : gapgattserver.o (.data)
                  20001454    00000001                     : gapgattserver.o (.data)
                  20001455    00000001                     : gapgattserver.o (.data)
                  20001456    00000001                     : gapgattserver.o (.data)
                  20001457    00000001                     : gattservapp.o (.data)

.bss       0    20001458    00001318     UNINITIALIZED
                  20001458    00000300     ble_release_pem4f.oem4f (.bss:taskStackSection)
                  20001758    00000250     (.common:uartCC26XXObjects)
                  200019a8    000001c0     rf_multiMode_cc26x2_v1.aem4f : RFCC26X2_multiMode.oem4f (.bss:RF_cmdPool)
                  20001b68    000000d8     (.common:ti_sysbios_family_arm_m3_Hwi_dispatchTable)
                  20001c40    000000c8     ll_pxxx.a : ll.o (.bss)
                  20001d08    00000080     board.obj (.bss:uartStringBuf$18)
                  20001d88    0000007c     (.common:pinHandleTable)
                  20001e04    00000004     att_pxxx.a : att_client.o (.bss)
                  20001e08    00000068     rf_multiMode_cc26x2_v1.aem4f : RFCC26X2_multiMode.oem4f (.bss:RF_ratModule)
                  20001e70    00000054     (.common:ecdhCC26X2Objects)
                  20001ec4    0000004c     (.common:aesecbCC26XXObjects)
                  20001f10    00000044     ll_pxxx.a : ll_ae.o (.bss)
                  20001f54    00000044     sm_pxxx.a : sm_pairing.o (.bss)
                  20001f98    00000044     (.common:aesccmCC26XXObjects)
                  20001fdc    00000040     (.common:uartCC26XXRingBuffer)
                  2000201c    00000038     ll_pxxx.a : ble.o (.bss)
                  20002054    00000034     rf_multiMode_cc26x2_v1.aem4f : RFCC26X2_multiMode.oem4f (.bss:RF_swiFsmObj)
                  20002088    00000034                                  : RFCC26X2_multiMode.oem4f (.bss:RF_swiHwObj)
                  200020bc    00000034     drivers_cc26x2_v1.aem4f : PINCC26XX.oem4f (.bss:pinSwi)
                  200020f0    00000030     rf_multiMode_cc26x2_v1.aem4f : RFCC26X2_multiMode.oem4f (.bss:RF_Sch)
                  20002120    00000030     gap_pxxx.a : linkdb.o (.bss)
                  20002150    00000030     l2cap_pxxx.a : l2cap_task.o (.bss)
                  20002180    00000028     (.common:nvFptrs)
                  200021a8    00000024     rf_multiMode_cc26x2_v1.aem4f : RFCC26X2_multiMode.oem4f (.bss:RF_clkPowerUpObj)
                  200021cc    00000024     ll_pxxx.a : ll.o (.bss)
                  200021f0    00000024               : ll_enc.o (.bss)
                  20002214    00000020     rf_multiMode_cc26x2_v1.aem4f : RFCC26X2_multiMode.oem4f (.bss:RF_cmdQ)
                  20002234    00000020     ll_pxxx.a : ll_ecc.o (.bss)
                  20002254    00000020               : ll_enc.o (.bss)
                  20002274    00000020     drivers_cc26x2_v1.aem4f : PINCC26XX.oem4f (.bss:pinGpioConfigTable)
                  20002294    0000001c     rf_multiMode_cc26x2_v1.aem4f : RFCC26X2_multiMode.oem4f (.bss:RF_hwiCpe0Obj)
                  200022b0    0000001c                                  : RFCC26X2_multiMode.oem4f (.bss:RF_hwiHwObj)
                  200022cc    0000001c     gap_pxxx.a : gap_configmgr.o (.bss)
                  200022e8    0000001c     ll_pxxx.a : ble.o (.bss)
                  20002304    0000001c     drivers_cc26x2_v1.aem4f : PINCC26XX.oem4f (.bss:pinHwi)
                  20002320    0000001c                             : PINCC26XX.oem4f (.bss:pinSemaphore)
                  2000233c    0000001c     (.common:CryptoResourceCC26XX_accessSemaphore)
                  20002358    0000001c     (.common:CryptoResourceCC26XX_hwi)
                  20002374    0000001c     (.common:CryptoResourceCC26XX_operationSemaphore)
                  20002390    0000001c     (.common:PKAResourceCC26XX_accessSemaphore)
                  200023ac    0000001c     (.common:PKAResourceCC26XX_hwi)
                  200023c8    0000001c     (.common:PKAResourceCC26XX_operationSemaphore)
                  200023e4    00000018     profiles_pxxx.a : gapgattserver.o (.bss)
                  200023fc    00000018                     : gattservapp.o (.bss)
                  20002414    00000016     rf_multiMode_cc26x2_v1.aem4f : RFCC26X2_multiMode.oem4f (.bss)
                  2000242a    00000002     drivers_cc26x2_v1.aem4f : UARTCC26XX.oem4f (.bss)
                  2000242c    00000014     rf_multiMode_cc26x2_v1.aem4f : RFCC26X2_multiMode.oem4f (.bss:RF_ratSyncCmd)
                  20002440    00000014                                  : RFCC26X2_multiMode.oem4f (.bss:RF_wakeupNotifyObj)
                  20002454    00000014     ll_pxxx.a : ble.o (.bss)
                  20002468    00000014               : ll.o (.bss)
                  2000247c    00000014     driverlib.lib : osc.obj (.bss:oscHfGlobals$59)
                  20002490    00000010     rf_multiMode_cc26x2_v1.aem4f : RFCC26X2_multiMode.oem4f (.bss:RF_core)
                  200024a0    00000010     gap_pxxx.a : gap_configmgr.o (.bss)
                  200024b0    00000010     ll_pxxx.a : ble.o (.bss)
                  200024c0    00000010               : ll_ecc.o (.bss)
                  200024d0    00000010               : ll_ecc.o (.bss)
                  200024e0    00000010               : ll_ecc.o (.bss)
                  200024f0    00000010               : ll_ecc.o (.bss)
                  20002500    00000010               : ll_ecc.o (.bss)
                  20002510    00000010               : ll_ecc.o (.bss)
                  20002520    00000010               : ll_enc.o (.bss)
                  20002530    00000010               : ll_enc.o (.bss)
                  20002540    00000010               : ll_enc.o (.bss)
                  20002550    00000010               : ll_enc.o (.bss)
                  20002560    00000010     util.obj (.bss:str$1$4)
                  20002570    0000000c     ble5_simple_peripheral_cc26x2r1lp_stack_library.lib : osal_timers.obj (.bss:$O21$$)
                  2000257c    0000000c     drivers_cc26x2_v1.aem4f : NVSCC26XX.oem4f (.bss)
                  20002588    0000000c     ll_pxxx.a : ble.o (.bss)
                  20002594    0000000c               : ll_ecc.o (.bss)
                  200025a0    0000000c               : ll_enc.o (.bss)
                  200025ac    0000000c               : ll_scheduler.o (.bss)
                  200025b8    0000000c     (.common:displayUartObject)
                  200025c4    00000008     gap_pxxx.a : gap_configmgr.o (.bss)
                  200025cc    00000008                : gap_linkmgr.o (.bss)
                  200025d4    00000008     hci_pxxx.a : hci_event.o (.bss)
                  200025dc    00000008                : hci_event.o (.bss)
                  200025e4    00000008                : hci_event.o (.bss)
                  200025ec    00000008     ll_pxxx.a : ll.o (.bss)
                  200025f4    00000008               : ll.o (.bss)
                  200025fc    00000008               : ll.o (.bss)
                  20002604    00000008               : ll.o (.bss)
                  2000260c    00000008               : ll.o (.bss)
                  20002614    00000004     att_pxxx.a : att_server.o (.bss)
                  20002618    00000008     ll_pxxx.a : ll.o (.bss)
                  20002620    00000008               : ll_common.o (.bss)
                  20002628    00000008               : ll_privacy.o (.bss)
                  20002630    00000008     profiles_pxxx.a : gattservapp.o (.bss)
                  20002638    00000004     drivers_cc26x2_v1.aem4f : ECDHCC26X2.oem4f (.bss)
                  2000263c    00000004                             : PINCC26XX.oem4f (.bss)
                  20002640    00000004     gap_pxxx.a : gap_advertiser.o (.bss)
                  20002644    00000004                : gap_linkmgr.o (.bss)
                  20002648    00000004                : gap_linkmgr.o (.bss)
                  2000264c    00000004                : gap_linkmgr.o (.bss)
                  20002650    00000004                : gap_linkmgr.o (.bss)
                  20002654    00000004                : gap_perilinkmgr.o (.bss)
                  20002658    00000004                : gap_task.o (.bss)
                  2000265c    00000004                : linkdb.o (.bss)
                  20002660    00000004     gatt_pxxx.a : gatt_client.o (.bss)
                  20002664    00000004                 : gatt_server.o (.bss)
                  20002668    00000004                 : gatt_server.o (.bss)
                  2000266c    00000004                 : gatt_task.o (.bss)
                  20002670    00000004                 : gatt_task.o (.bss)
                  20002674    00000004     l2cap_pxxx.a : l2cap_task.o (.bss)
                  20002678    00000004     ll_pxxx.a : ble.o (.bss)
                  2000267c    00000004               : ble.o (.bss)
                  20002680    00000004               : ble.o (.bss)
                  20002684    00000004               : ble.o (.bss)
                  20002688    00000004               : ble.o (.bss)
                  2000268c    00000004               : ll.o (.bss)
                  20002690    00000004               : ll.o (.bss)
                  20002694    00000004               : ll.o (.bss)
                  20002698    00000004               : ll.o (.bss)
                  2000269c    00000004               : ll.o (.bss)
                  200026a0    00000004               : ll.o (.bss)
                  200026a4    00000004               : ll.o (.bss)
                  200026a8    00000004               : ll.o (.bss)
                  200026ac    00000004               : ll.o (.bss)
                  200026b0    00000004               : ll.o (.bss)
                  200026b4    00000004               : ll.o (.bss)
                  200026b8    00000004               : ll.o (.bss)
                  200026bc    00000004               : ll_ae.o (.bss)
                  200026c0    00000004               : ll_ecc.o (.bss)
                  200026c4    00000004               : ll_ecc.o (.bss)
                  200026c8    00000004               : ll_enc.o (.bss)
                  200026cc    00000004               : ll_enc.o (.bss)
                  200026d0    00000004               : ll_privacy.o (.bss)
                  200026d4    00000004               : ll_wl.o (.bss)
                  200026d8    00000004               : ll_wl.o (.bss)
                  200026dc    00000004     profiles_pxxx.a : gapgattserver.o (.bss)
                  200026e0    00000004                     : gattservapp.o (.bss)
                  200026e4    00000004                     : gattservapp.o (.bss)
                  200026e8    00000004                     : gattservapp.o (.bss)
                  200026ec    00000004     sm_pxxx.a : sm_pairing.o (.bss)
                  200026f0    00000004               : sm_pairing.o (.bss)
                  200026f4    00000004               : sm_pairing.o (.bss)
                  200026f8    00000004               : sm_rsppairing.o (.bss)
                  200026fc    00000004     (.common:ClockP_tickPeriod)
                  20002700    00000004     (.common:PowerCC26XX_swiKey)
                  20002704    00000004     (.common:PowerCC26XX_taskKey)
                  20002708    00000004     (.common:nvsCC26xxObjects)
                  2000270c    00000004     (.common:tasksEvents)
                  20002710    00000004     (.common:trngCC26XXObjects)
                  20002714    00000002     hci_pxxx.a : hci.o (.bss)
                  20002716    00000002     ll_pxxx.a : ll.o (.bss)
                  20002718    00000002               : ll.o (.bss)
                  2000271a    00000002               : ll.o (.bss)
                  2000271c    00000002               : ll.o (.bss)
                  2000271e    00000002               : ll.o (.bss)
                  20002720    00000002               : ll.o (.bss)
                  20002722    00000002               : ll.o (.bss)
                  20002724    00000002               : ll.o (.bss)
                  20002726    00000002               : ll.o (.bss)
                  20002728    00000002               : ll.o (.bss)
                  2000272a    00000002               : ll.o (.bss)
                  2000272c    00000002               : ll.o (.bss)
                  2000272e    00000002               : ll.o (.bss)
                  20002730    00000002               : ll_slave_end_causes.o (.bss)
                  20002732    00000002     profiles_pxxx.a : gapgattserver.o (.bss)
                  20002734    00000002                     : gattservapp.o (.bss)
                  20002736    00000001     att_pxxx.a : att_util.o (.bss)
                  20002737    00000001     gap_pxxx.a : gap_advertiser.o (.bss)
                  20002738    00000001                : gap_advertiser.o (.bss)
                  20002739    00000001                : gap_advertiser.o (.bss)
                  2000273a    00000001                : gap_configmgr.o (.bss)
                  2000273b    00000001                : gap_configmgr.o (.bss)
                  2000273c    00000001                : gap_devmgr.o (.bss)
                  2000273d    00000001                : gap_linkmgr.o (.bss)
                  2000273e    00000001                : gap_task.o (.bss)
                  2000273f    00000001                : linkdb.o (.bss)
                  20002740    00000001                : linkdb.o (.bss)
                  20002741    00000001     gatt_pxxx.a : gatt_task.o (.bss)
                  20002742    00000001                 : gatt_task.o (.bss)
                  20002743    00000001     hci_pxxx.a : hci.o (.bss)
                  20002744    00000001                : hci.o (.bss)
                  20002745    00000001     hci_tl_none.a : hci_tl.o (.bss)
                  20002746    00000001                   : hci_tl.o (.bss)
                  20002747    00000001                   : hci_tl.o (.bss)
                  20002748    00000001                   : hci_tl.o (.bss)
                  20002749    00000001                   : hci_tl.o (.bss)
                  2000274a    00000001     l2cap_pxxx.a : l2cap_if.o (.bss)
                  2000274b    00000001                  : l2cap_task.o (.bss)
                  2000274c    00000001                  : l2cap_task.o (.bss)
                  2000274d    00000001                  : l2cap_task.o (.bss)
                  2000274e    00000001                  : l2cap_task.o (.bss)
                  2000274f    00000001                  : l2cap_util.o (.bss)
                  20002750    00000001     ll_pxxx.a : ll.o (.bss)
                  20002751    00000001               : ll.o (.bss)
                  20002752    00000001               : ll.o (.bss)
                  20002753    00000001               : ll.o (.bss)
                  20002754    00000001               : ll.o (.bss)
                  20002755    00000001               : ll.o (.bss)
                  20002756    00000001               : ll.o (.bss)
                  20002757    00000001               : ll.o (.bss)
                  20002758    00000001               : ll.o (.bss)
                  20002759    00000001               : ll.o (.bss)
                  2000275a    00000001               : ll.o (.bss)
                  2000275b    00000001               : ll.o (.bss)
                  2000275c    00000001               : ll.o (.bss)
                  2000275d    00000001               : ll.o (.bss)
                  2000275e    00000001               : ll.o (.bss)
                  2000275f    00000001               : ll.o (.bss)
                  20002760    00000001               : ll.o (.bss)
                  20002761    00000001               : ll.o (.bss)
                  20002762    00000001               : ll.o (.bss)
                  20002763    00000001               : ll.o (.bss)
                  20002764    00000001               : ll_ae.o (.bss)
                  20002765    00000001               : ll_ae.o (.bss)
                  20002766    00000001               : ll_ae.o (.bss)
                  20002767    00000001               : ll_config.o (.bss)
                  20002768    00000001               : ll_config.o (.bss)
                  20002769    00000001     profiles_pxxx.a : gapgattserver.o (.bss)
                  2000276a    00000001                     : gattservapp.o (.bss)
                  2000276b    00000001                     : gattservapp.o (.bss)
                  2000276c    00000001     sm_pxxx.a : sm_task.o (.bss)
                  2000276d    00000001               : sm_task.o (.bss)
                  2000276e    00000001     (.common:driverlib_release_0_51635)
                  2000276f    00000001     (.common:icall_liteTaskId)

.vtable    0    20002770    00000000     UNINITIALIZED

.vtable_ram 
*          0    20002770    00000000     UNINITIALIZED

vtable_ram 
*          0    20002770    00000000     UNINITIALIZED

.sysmem    0    20002770    00000000     UNINITIALIZED

.nonretenvar 
*          0    20002770    00000000     UNINITIALIZED

.stack     0    200130f8    00000400     UNINITIALIZED
                  200130f8    00000400     --HOLE--

.text      0    0000003c    000203bc     
                  0000003c    0000111c     ll_pxxx.a : ll.o (.text)
                  00001158    00000ac4     simple_peripheral.obj (.text:SimplePeripheral_taskFxn$1)
                  00001c1c    00000810     ll_pxxx.a : ble.o (.text)
                  0000242c    0000070c               : ll_adv_end_causes.o (.text)
                  00002b38    000005c8     ble5_simple_peripheral_cc26x2r1lp_stack_library.lib : gapbondmgr.obj (.text:GAPBondMgr_ProcessEvent)
                  00003100    00000514     ll_pxxx.a : ll_slave_end_causes.o (.text)
                  00003614    000004e8     simple_peripheral.obj (.text:SimplePeripheral_processGapMessage$1)
                  00003afc    00000490     ll_pxxx.a : ll_slave_end_causes.o (.text)
                  00003f8c    00000440               : ll_ae.o (.text)
                  000043cc    00000398               : ll.o (.text)
                  00004764    0000032c               : ll_isr.o (.text)
                  00004a90    00000314               : ll_ae.o (.text)
                  00004da4    00000314     rom_sysbios.aem4f : rom_sysbios.obj (.text:xdc_runtime_System_doPrint__I)
                  000050b8    000002f8     rf_multiMode_cc26x2_v1.aem4f : RFCC26X2_multiMode.oem4f (.text:RF_fsmActiveState)
                  000053b0    000002f8     ll_pxxx.a : ll_isr.o (.text)
                  000056a8    000002bc     ble5_simple_peripheral_cc26x2r1lp_stack_library.lib : icall_startup.obj (.text:startup_entry)
                  00005964    000002b0     ll_pxxx.a : ll_slave_end_causes.o (.text)
                  00005c14    00000260     hci_pxxx.a : hci_event.o (.text)
                  00005e74    00000258     ll_pxxx.a : ll_ae.o (.text)
                  000060cc    00000230               : ll_scheduler.o (.text)
                  000062fc    00000220     driverlib.lib : setup.obj (.text:TrimAfterColdResetWakeupFromShutDown$22)
                  0000651c    0000021c     ll_pxxx.a : ll_ae.o (.text)
                  00006738    00000214               : ll_ae.o (.text)
                  0000694c    00000210               : ll_common.o (.text)
                  00006b5c    00000208               : ll_common.o (.text)
                  00006d64    00000208               : ll_isr.o (.text)
                  00006f6c    00000204     profiles_pxxx.a : gattservapp.o (.text)
                  00007170    00000204     sm_pxxx.a : sm_pairing.o (.text)
                  00007374    00000200     ble5_simple_peripheral_cc26x2r1lp_stack_library.lib : gapbondmgr.obj (.text:GAPBondMgr_SetParameter)
                  00007574    000001f0     ll_pxxx.a : ll_scheduler.o (.text)
                  00007764    000001e4     sm_pxxx.a : sm_rsppairing.o (.text)
                  00007948    000001d4     drivers_cc26x2_v1.aem4f : PowerCC26X2_calibrateRCOSC.oem4f (.text:PowerCC26X2_doCalibrate)
                  00007b1c    000001d4     ll_pxxx.a : ll_common.o (.text)
                  00007cf0    000001d0     ble5_simple_peripheral_cc26x2r1lp_stack_library.lib : gapbondmgr.obj (.text:gapBondMgrAddBond$28)
                  00007ec0    000001c0     drivers_cc26x2_v1.aem4f : PINCC26XX.oem4f (.text:PIN_init)
                  00008080    000001bc     main.obj (.text:AssertHandler)
                  0000823c    000001bc     ble5_simple_peripheral_cc26x2r1lp_stack_library.lib : osal.obj (.text:osal_start_system)
                  000083f8    000001b8                                                         : gap.obj (.text:GAP_DeviceInit)
                  000085b0    000001b0     ll_pxxx.a : ll.o (.text)
                  00008760    000001a4     drivers_cc26x2_v1.aem4f : PowerCC26X2.oem4f (.text:Power_sleep)
                  00008904    000001a4     gap_pxxx.a : gap_advertiser.o (.text)
                  00008aa8    0000019c     ll_pxxx.a : ll_isr.o (.text)
                  00008c44    00000194     driverlib.lib : pka.obj (.text:NOROM_PKAEccVerifyPublicKeyWeierstrassStart)
                  00008dd8    00000190     drivers_cc26x2_v1.aem4f : ECDHCC26X2.oem4f (.text:ECDHCC26X2_runFSM)
                  00008f68    00000190                             : PowerCC26X2_calibrateRCOSC.oem4f (.text:calibrateRcoscHf1)
                  000090f8    00000190     icall.obj (.text:icall_directAPI)
                  00009288    00000174     profiles_pxxx.a : gattservapp.o (.text)
                  000093fc    00000170     rf_multiMode_cc26x2_v1.aem4f : RFCC26X2_multiMode.oem4f (.text:RF_fsmSetupState)
                  0000956c    00000168     nvoctp.obj (.text:NVOCTP_newItem$8)
                  000096d4    00000160     gatt_pxxx.a : gatt_client.o (.text)
                  00009834    00000160     ll_pxxx.a : ll_data.o (.text)
                  00009994    0000015c     drivers_cc26x2_v1.aem4f : UARTCC26XX.oem4f (.text:UARTCC26XX_open)
                  00009af0    0000015c     sm_pxxx.a : sm_mgr.o (.text)
                  00009c4c    00000154     rf_multiMode_cc26x2_v1.aem4f : RFCC26X2_multiMode.oem4f (.text:RF_scheduleCmd)
                  00009da0    00000154     drivers_cc26x2_v1.aem4f : UARTCC26XX.oem4f (.text:UARTCC26XX_hwiIntFxn)
                  00009ef4    00000150     ble5_simple_peripheral_cc26x2r1lp_stack_library.lib : gapbondmgr.obj (.text:gapBondMgrAuthenticate$28)
                  0000a044    0000014c     gatt_pxxx.a : gatt_server.o (.text)
                  0000a190    00000148     sm_pxxx.a : sm_mgr.o (.text)
                  0000a2d8    00000140     nvoctp.obj (.text:NVOCTP_initNvApi$8)
                  0000a418    00000140     ll_pxxx.a : ll_common.o (.text)
                  0000a558    00000140               : ll_isr.o (.text)
                  0000a698    00000138     drivers_cc26x2_v1.aem4f : NVSCC26XX.oem4f (.text:NVSCC26XX_write)
                  0000a7d0    00000138     profiles_pxxx.a : gattservapp.o (.text)
                  0000a908    00000134     nvoctp.obj (.text:NVOCTP_compactPage$8)
                  0000aa3c    0000012c     rf_multiMode_cc26x2_v1.aem4f : RFCC26X2_multiMode.oem4f (.text:RF_getInfo)
                  0000ab68    0000012c                                  : RFCC26X2_multiMode.oem4f (.text:RF_hwiCpe0Active)
                  0000ac94    00000128     drivers_cc26x2_v1.aem4f : PowerCC26X2.oem4f (.text:Power_init)
                  0000adbc    00000128     rf_multiMode_cc26x2_v1.aem4f : RFCC26X2_multiMode.oem4f (.text:RF_fsmChangePhyState)
                  0000aee4    00000124                                  : RFCC26X2_multiMode.oem4f (.text:RF_init)
                  0000b008    00000124     gap_pxxx.a : gap_advertiser.o (.text)
                  0000b12c    00000124     ll_pxxx.a : ll_scheduler.o (.text)
                  0000b250    00000120     drivers_cc26x2_v1.aem4f : UARTCC26XX.oem4f (.text:UARTCC26XX_read)
                  0000b370    0000011c     profiles_pxxx.a : gattservapp.o (.text)
                  0000b48c    0000011c     sm_pxxx.a : sm_pairing.o (.text)
                  0000b5a8    00000118     profiles_pxxx.a : gattservapp.o (.text)
                  0000b6c0    00000114     driverlib.lib : sys_ctrl.obj (.text:NOROM_SysCtrlStandby)
                  0000b7d4    00000114     rf_multiMode_cc26x2_v1.aem4f : RFCC26X2_multiMode.oem4f (.text:RF_radioOpDoneCb)
                  0000b8e8    00000114     ll_pxxx.a : ll_common.o (.text)
                  0000b9fc    00000110     gatt_pxxx.a : gatt_server.o (.text)
                  0000bb0c    00000110     sm_pxxx.a : sm_rsppairing.o (.text)
                  0000bc1c    00000108     rf_multiMode_cc26x2_v1.aem4f : RFCC26X2_multiMode.oem4f (.text:RF_abortCmd)
                  0000bd24    00000108     gap_pxxx.a : gap_advertiser.o (.text)
                  0000be2c    00000104     rf_multiMode_cc26x2_v1.aem4f : RFCC26X2_multiMode.oem4f (.text:RF_open)
                  0000bf30    00000104     sm_pxxx.a : sm_rsppairing.o (.text)
                  0000c034    00000104     two_btn_menu.obj (.text:tbm_displayItemPage)
                  0000c138    00000100     rf_multiMode_cc26x2_v1.aem4f : RFCC26X2_multiMode.oem4f (.text:RF_fsmPowerUpState)
                  0000c238    00000100     drivers_cc26x2_v1.aem4f : UARTCC26XX.oem4f (.text:UARTCC26XX_write)
                  0000c338    000000fc     ll_pxxx.a : ll.o (.text)
                  0000c434    000000fc               : ll.o (.text)
                  0000c530    000000fa     gatt_pxxx.a : gatt_client.o (.text)
                  0000c62a    00000002     ble_user_config.obj (.text:DefaultAssertCback)
                  0000c62c    000000f8     drivers_cc26x2_v1.aem4f : AESCCMCC26XX.oem4f (.text:AESCCM_startOperation)
                  0000c724    000000f8     profiles_pxxx.a : gattservapp.o (.text)
                  0000c81c    000000f8     ble_release_pem4f.oem4f (.text:xdc_runtime_System_printfExtend__I)
                  0000c914    000000f6     sm_pxxx.a : sm_mgr.o (.text)
                  0000ca0a    00000002     display.aem4f : DisplayUart.oem4f (.text:DisplayUartAnsi_init)
                  0000ca0c    000000f4     gap_pxxx.a : gap_linkmgr.o (.text)
                  0000cb00    000000f4     sm_pxxx.a : sm_task.o (.text)
                  0000cbf4    000000f2     ble5_simple_peripheral_cc26x2r1lp_stack_library.lib : gapbondmgr.obj (.text:gapBondMgrEraseBonding$28)
                  0000cce6    00000002     driverlib.lib : rfc.obj (.text:NOROM_RFCCpePatchReset)
                  0000cce8    000000f0     rf_multiMode_cc26x2_v1.aem4f : RFCC26X2_multiMode.oem4f (.text:RF_pendCmd)
                  0000cdd8    000000f0     sm_pxxx.a : sm_pairing.o (.text)
                  0000cec8    000000ec     ll_pxxx.a : ll_common.o (.text)
                  0000cfb4    000000e8     ble5_simple_peripheral_cc26x2r1lp_stack_library.lib : osal_timers.obj (.text:osalTimerUpdate)
                  0000d09c    000000e4     gatt_pxxx.a : gatt_client.o (.text)
                  0000d180    000000e4     main.obj (.text:main)
                  0000d264    000000e4     sm_pxxx.a : sm_pairing.o (.text)
                  0000d348    000000e0     drivers_cc26x2_v1.aem4f : PINCC26XX.oem4f (.text:PINCC26XX_setIoCfg)
                  0000d428    000000e0     simple_peripheral.obj (.text:SimplePeripheral_menuSwitchCb$1)
                  0000d508    000000e0     hci_pxxx.a : hci_event.o (.text)
                  0000d5e8    000000e0     ll_pxxx.a : ll_ae.o (.text)
                  0000d6c8    000000de     profiles_pxxx.a : gapgattserver.o (.text)
                  0000d7a6    00000002     ble5_simple_peripheral_cc26x2r1lp_stack_library.lib : onboard.obj (.text:Onboard_soft_reset)
                  0000d7a8    000000dc     gap_pxxx.a : gap_linkmgr.o (.text)
                  0000d884    000000dc                : gap_task.o (.text)
                  0000d960    000000dc     hci_pxxx.a : hci_event.o (.text)
                  0000da3c    000000dc     ll_pxxx.a : ll_wl.o (.text)
                  0000db18    000000dc     sm_pxxx.a : sm_pairing.o (.text)
                  0000dbf4    000000d8     ll_pxxx.a : ll_ae.o (.text)
                  0000dccc    000000d6     sm_pxxx.a : sm_mgr.o (.text)
                  0000dda2    00000002     rf_multiMode_cc26x2_v1.aem4f : RFCC26X2_multiMode.oem4f (.text:RF_defaultCallback)
                  0000dda4    000000d4     nvoctp.obj (.text:NVOCTP_readHeader$8)
                  0000de78    000000d4     rf_multiMode_cc26x2_v1.aem4f : RFCC26X2_multiMode.oem4f (.text:RF_swiHw)
                  0000df4c    000000d4     simple_gatt_profile.obj (.text:simpleProfile_WriteAttrCB$17)
                  0000e020    000000d4     smp_pxxx.a : smp.o (.text)
                  0000e0f4    000000d0     driverlib.lib : pka.obj (.text:PKAGetECCResult$21)
                  0000e1c4    000000d0     ble5_simple_peripheral_cc26x2r1lp_stack_library.lib : gapbondmgr.obj (.text:gapBondMgr_LinkEst$28)
                  0000e294    000000d0     ll_pxxx.a : ble.o (.text)
                  0000e364    000000d0     sm_pxxx.a : sm_mgr.o (.text)
                  0000e434    000000d0               : sm_rsppairing.o (.text)
                  0000e504    000000cc     simple_gatt_profile.obj (.text:SimpleProfile_SetParameter)
                  0000e5d0    000000cc     hci_pxxx.a : hci_event.o (.text)
                  0000e69c    000000cc     ll_pxxx.a : ll_ae.o (.text)
                  0000e768    000000cc               : ll_ae.o (.text)
                  0000e834    000000ca     sm_pxxx.a : sm_mgr.o (.text)
                  0000e8fe    00000002     ble5_simple_peripheral_cc26x2r1lp_stack_library.lib : sm_ecc.obj (.text:SM_dhKeyCB)
                  0000e900    000000c8     drivers_cc26x2_v1.aem4f : PowerCC26X2.oem4f (.text:Power_releaseDependency)
                  0000e9c8    000000c8     rf_multiMode_cc26x2_v1.aem4f : RFCC26X2_multiMode.oem4f (.text:RF_control)
                  0000ea90    000000c8     gap_pxxx.a : gap_advertiser.o (.text)
                  0000eb58    000000c8     ll_pxxx.a : ll_scheduler.o (.text)
                  0000ec20    000000c8     sm_pxxx.a : sm_mgr.o (.text)
                  0000ece8    000000c8               : sm_rsppairing.o (.text)
                  0000edb0    000000c4     drivers_cc26x2_v1.aem4f : PowerCC26X2.oem4f (.text:Power_setDependency)
                  0000ee74    000000c4     ll_pxxx.a : ll.o (.text)
                  0000ef38    000000c4     profiles_pxxx.a : gapgattserver.o (.text)
                  0000effc    000000c4     sm_pxxx.a : sm_pairing.o (.text)
                  0000f0c0    000000c0     drivers_cc26x2_v1.aem4f : UARTCC26XX.oem4f (.text:UARTCC26XX_initIO)
                  0000f180    000000c0     hci_pxxx.a : hci_event.o (.text)
                  0000f240    000000c0     ll_pxxx.a : ll.o (.text)
                  0000f300    000000c0               : ll_data.o (.text)
                  0000f3c0    000000c0     ble5_simple_peripheral_cc26x2r1lp_stack_library.lib : osal.obj (.text:osal_set_event)
                  0000f480    000000c0     sm_pxxx.a : sm_rsppairing.o (.text)
                  0000f540    000000be     gap_pxxx.a : gap_linkmgr.o (.text)
                  0000f5fe    00000002     ble5_simple_peripheral_cc26x2r1lp_stack_library.lib : sm_ecc.obj (.text:SM_p256KeyCB)
                  0000f600    000000bc     drivers_cc26x2_v1.aem4f : AESECBCC26XX.oem4f (.text:AESECB_oneStepEncrypt)
                  0000f6bc    000000bc     hci_pxxx.a : hci_event.o (.text)
                  0000f778    000000bc                : hci_event.o (.text)
                  0000f834    000000bc     ll_pxxx.a : ll_common.o (.text)
                  0000f8f0    000000b8     drivers_cc26x2_v1.aem4f : AESECBCC26XX.oem4f (.text:AESECB_oneStepDecrypt)
                  0000f9a8    000000b8                             : UARTCC26XX.oem4f (.text:UARTCC26XX_initHw)
                  0000fa60    000000b8     hci_pxxx.a : hci_event.o (.text)
                  0000fb18    000000b4     dpl_cc26x2_v1.aem4f : PowerCC26X2_tirtos.oem4f (.text:PowerCC26XX_standbyPolicy)
                  0000fbcc    000000b4     devinfoservice.obj (.text:devInfo_ReadAttrCB$14)
                  0000fc80    000000b4     ll_pxxx.a : ll_scheduler.o (.text)
                  0000fd34    000000b4     profiles_pxxx.a : gattservapp.o (.text)
                  0000fde8    000000b2     gatt_pxxx.a : gatt_server.o (.text)
                  0000fe9a    00000002     rtsv7M4_T_le_v4SPD16_eabi.lib : _lock.c.obj (.text:_nop)
                  0000fe9c    000000b0     nvoctp.obj (.text:NVOCTP_findItem$8)
                  0000ff4c    000000b0     rf_multiMode_cc26x2_v1.aem4f : RFCC26X2_multiMode.oem4f (.text:RF_corePowerDown)
                  0000fffc    000000b0     TRNGCC26XX.obj (.text:TRNGCC26XX_getNumber)
                  000100ac    000000b0     gap_pxxx.a : gap_advertiser.o (.text)
                  0001015c    000000b0                : gap_linkmgr.o (.text)
                  0001020c    000000b0     gatt_pxxx.a : gatt_server.o (.text)
                  000102bc    000000b0     profiles_pxxx.a : gattservapp.o (.text)
                  0001036c    000000ac     display.aem4f : DisplayUart.oem4f (.text:DisplayUartAnsi_clearLines)
                  00010418    000000ac     att_pxxx.a : att_util.o (.text)
                  000104c4    000000aa     ll_pxxx.a : ll_common.o (.text)
                  0001056e    000000aa     sm_pxxx.a : sm_mgr.o (.text)
                  00010618    000000a8     rf_multiMode_cc26x2_v1.aem4f : RFCC26X2_multiMode.oem4f (.text:RF_dispatchNextCmd)
                  000106c0    000000a8     gatt_pxxx.a : gatt_client.o (.text)
                  00010768    000000a8     hci_pxxx.a : hci_data.o (.text)
                  00010810    000000a8                : hci_event.o (.text)
                  000108b8    000000a8     ll_pxxx.a : ll.o (.text)
                  00010960    000000a8     profiles_pxxx.a : gattservapp.o (.text)
                  00010a08    000000a8     smp_pxxx.a : smp.o (.text)
                  00010ab0    000000a7     display.aem4f : DisplayUart.oem4f (.text:DisplayUartAnsi_open)
                  00010b57    00000001     --HOLE-- [fill = 0]
                  00010b58    000000a6     rom_sysbios.aem4f : rom_sysbios.obj (.text:xdc_runtime_Text_putSite__E)
                  00010bfe    00000002     drivers_cc26x2_v1.aem4f : PowerCC26X2.oem4f (.text:emptyClockFunc)
                  00010c00    000000a4     driverlib.lib : aes.obj (.text:NOROM_AESWriteToKeyStore)
                  00010ca4    000000a4     nvoctp.obj (.text:NVOCTP_checkItem$8)
                  00010d48    000000a4     gatt_pxxx.a : gatt_task.o (.text)
                  00010dec    000000a4     ll_pxxx.a : ll_common.o (.text)
                  00010e90    000000a4               : ll_common.o (.text)
                  00010f34    000000a4               : ll_common.o (.text)
                  00010fd8    000000a4               : ll_ecc.o (.text)
                  0001107c    000000a4     ble5_simple_peripheral_cc26x2r1lp_stack_library.lib : osal.obj (.text:osal_msg_enqueue_push$30)
                  00011120    000000a0     driverlib.lib : pka.obj (.text:PKAWritePkaParam$21)
                  000111c0    000000a0     rf_multiMode_cc26x2_v1.aem4f : RFCC26X2_multiMode.oem4f (.text:RF_ieeeExtension)
                  00011260    000000a0     simple_peripheral.obj (.text:SimplePeripheral_doSetConnPhy)
                  00011300    000000a0     auto_init.aem4f : auto_init.oem4f (.text)
                  000113a0    000000a0     hci_pxxx.a : hci_event.o (.text)
                  00011440    000000a0     rom_sysbios.aem4f : rom_sysbios.obj (.text:ti_sysbios_knl_Task_setPri__E)
                  000114e0    0000009f     display.aem4f : DisplayUart.oem4f (.text:DisplayUartAnsi_vprintf)
                  0001157f    00000001     --HOLE-- [fill = 0]
                  00011580    0000009e     ble5_simple_peripheral_cc26x2r1lp_stack_library.lib : gapbondmgr.obj (.text:gapBondMgrUpdateCharCfg$28)
                  0001161e    00000002     drivers_cc26x2_v1.aem4f : CryptoResourceCC26XX.oem4f (.text:errorSpin)
                  00011620    0000009c     driverlib.lib : setup.obj (.text:NOROM_SetupTrimDevice)
                  000116bc    0000009c     drivers_cc26x2_v1.aem4f : UARTCC26XX.oem4f (.text:UARTCC26XX_swiIntFxn)
                  00011758    0000009c     ble5_simple_peripheral_cc26x2r1lp_stack_library.lib : osal_cbtimer.obj (.text:cbTimerSetup$32)
                  000117f4    0000009c                                                         : osal_cbtimer.obj (.text:osal_CbTimerProcessEvent)
                  00011890    0000009c     rtsv7M4_T_le_v4SPD16_eabi.lib : memcpy_t2.asm.obj (.text)
                  0001192c    0000009c     sm_pxxx.a : sm_mgr.o (.text)
                  000119c8    00000098     ll_pxxx.a : ll_ae.o (.text)
                  00011a60    00000098     ble5_simple_peripheral_cc26x2r1lp_stack_library.lib : osal_timers.obj (.text:osal_timer_refTimeUpdate)
                  00011af8    00000098     sm_pxxx.a : sm_task.o (.text)
                  00011b90    00000098     rom_sysbios.aem4f : rom_sysbios.obj (.text:ti_sysbios_knl_Clock_workFuncDynamic__E)
                  00011c28    00000098                       : rom_sysbios.obj (.text:xdc_runtime_Text_putMod__E)
                  00011cc0    00000096     rtsv7M4_T_le_v4SPD16_eabi.lib : ull_div_t2.asm.obj (.text)
                  00011d56    00000002     drivers_cc26x2_v1.aem4f : PKAResourceCC26XX.oem4f (.text:errorSpin)
                  00011d58    00000094     ble5_simple_peripheral_cc26x2r1lp_stack_library.lib : gapbondmgr.obj (.text:GAPBondMgr_FindAddr)
                  00011dec    00000094     icall.obj (.text:ICall_setTimer)
                  00011e80    00000094     drivers_cc26x2_v1.aem4f : PINCC26XX.oem4f (.text:PIN_open)
                  00011f14    00000094     ble5_simple_peripheral_cc26x2r1lp_stack_library.lib : gapbondmgr.obj (.text:gapBondMgr_syncResolvingList)
                  00011fa8    00000094     gatt_pxxx.a : gatt_client.o (.text)
                  0001203c    00000094     ll_pxxx.a : ll.o (.text)
                  000120d0    00000094               : ll_privacy.o (.text)
                  00012164    00000094     ble5_simple_peripheral_cc26x2r1lp_stack_library.lib : osal.obj (.text:osal_msg_receive)
                  000121f8    00000092     gap_pxxx.a : linkdb.o (.text)
                  0001228a    00000092     ll_pxxx.a : ll_common.o (.text)
                  0001231c    00000090     board.obj (.text:CC26X2R1_LAUNCHXL_shutDownExtFlash)
                  000123ac    00000090     rf_multiMode_cc26x2_v1.aem4f : RFCC26X2_multiMode.oem4f (.text:RF_discardPendCmd)
                  0001243c    00000090     hci_pxxx.a : hci_event.o (.text)
                  000124cc    00000090     ll_pxxx.a : ll_ecc.o (.text)
                  0001255c    00000090     sm_pxxx.a : sm_pairing.o (.text)
                  000125ec    00000090               : sm_pairing.o (.text)
                  0001267c    00000090               : sm_pairing.o (.text)
                  0001270c    00000090     drivers_cc26x2_v1.aem4f : UARTCC26XX.oem4f (.text:writeTxFifoFlush)
                  0001279c    0000008c                             : AESCCMCC26XX.oem4f (.text:AESCCM_open)
                  00012828    0000008c                             : AESECBCC26XX.oem4f (.text:AESECB_open)
                  000128b4    0000008c                             : ECDHCC26X2.oem4f (.text:ECDH_open)
                  00012940    0000008c     icall.obj (.text:ICall_heapMalloc)
                  000129cc    0000008c     driverlib.lib : setup_rom.obj (.text:NOROM_SetupStepVddrTrimTo)
                  00012a58    0000008c     drivers_cc26x2_v1.aem4f : UARTCC26XX.oem4f (.text:UARTCC26XX_close)
                  00012ae4    0000008c                             : UARTCC26XX.oem4f (.text:UARTCC26XX_writeCancel)
                  00012b70    0000008c     gatt_pxxx.a : gatt_client.o (.text)
                  00012bfc    0000008c                 : gatt_server.o (.text)
                  00012c88    0000008c     hci_pxxx.a : hci_event.o (.text)
                  00012d14    0000008c     l2cap_pxxx.a : l2cap_util.o (.text)
                  00012da0    0000008c     ll_pxxx.a : ll_enc.o (.text)
                  00012e2c    0000008c               : ll_privacy.o (.text)
                  00012eb8    0000008c               : ll_scheduler.o (.text)
                  00012f44    0000008c     sm_pxxx.a : sm_pairing.o (.text)
                  00012fd0    0000008c     rom_sysbios.aem4f : rom_sysbios.obj (.text:ti_sysbios_gates_GateMutexPri_enter__E)
                  0001305c    0000008a     rf_multiMode_cc26x2_v1.aem4f : RFCC26X2_multiMode.oem4f (.text:RF_schChkCmdInsert)
                  000130e6    00000002     ble5_simple_peripheral_cc26x2r1lp_stack_library.lib : hal_assert.obj (.text:halAssertSpinlock)
                  000130e8    00000088     rf_multiMode_cc26x2_v1.aem4f : RFCC26X2_multiMode.oem4f (.text:RF_ratFreeChannel)
                  00013170    00000088     simple_peripheral.obj (.text:SimplePeripheral_processParamUpdate$1)
                  000131f8    00000088     simple_peripheral.obj (.text:SimplePeripheral_updatePHYStat$1)
                  00013280    00000088     drivers_cc26x2_v1.aem4f : PowerCC26X2_calibrateRCOSC.oem4f (.text:calibrateRcoscHf2)
                  00013308    00000088     gap_pxxx.a : gap_linkmgr.o (.text)
                  00013390    00000088     gattservapp_util.obj (.text:gattServApp_SendNotiInd$16)
                  00013418    00000088     hci_pxxx.a : hci_event.o (.text)
                  000134a0    00000088     ll_pxxx.a : ll.o (.text)
                  00013528    00000086               : ll_common.o (.text)
                  000135ae    00000002     l2cap_pxxx.a : l2cap_if.o (.text)
                  000135b0    00000084     driverlib.lib : pka.obj (.text:NOROM_PKAEccMultiplyStart)
                  00013634    00000084     rf_multiMode_cc26x2_v1.aem4f : RFCC26X2_multiMode.oem4f (.text:RF_hwiHw)
                  000136b8    00000084     gap_pxxx.a : gap_linkmgr.o (.text)
                  0001373c    00000084     gatt_pxxx.a : gatt_client.o (.text)
                  000137c0    00000084                 : gatt_server.o (.text)
                  00013844    00000084     hci_pxxx.a : hci_event.o (.text)
                  000138c8    00000084     profiles_pxxx.a : gattservapp.o (.text)
                  0001394c    00000084                     : gattservapp.o (.text)
                  000139d0    00000082     ll_pxxx.a : ll.o (.text)
                  00013a52    00000082               : ll_common.o (.text)
                  00013ad4    00000082     profiles_pxxx.a : gattservapp.o (.text)
                  00013b56    00000002     ll_pxxx.a : ll_common.o (.text)
                  00013b58    00000080     nvoctp.obj (.text:NVOCTP_writeItemApi$8)
                  00013bd8    00000080     drivers_cc26x2_v1.aem4f : NVSCC26XX.oem4f (.text:NVSCC26XX_open)
                  00013c58    00000080     gatt_pxxx.a : gatt_server.o (.text)
                  00013cd8    00000080     hci_pxxx.a : hci_event.o (.text)
                  00013d58    00000080                : hci_event.o (.text)
                  00013dd8    00000080     l2cap_pxxx.a : l2cap_task.o (.text)
                  00013e58    00000080                  : l2cap_util.o (.text)
                  00013ed8    00000080     profiles_pxxx.a : gattservapp.o (.text)
                  00013f58    00000080                     : gattservapp.o (.text)
                  00013fd8    00000080     sm_pxxx.a : sm_rsppairing.o (.text)
                  00014058    00000080     rom_sysbios.aem4f : rom_sysbios.obj (.text:ti_sysbios_family_arm_cc26xx_Timer_start__E)
                  000140d8    0000007c     driverlib.lib : pka.obj (.text:PKAGetBigNumResult$21)
                  00014154    0000007c                   : pka.obj (.text:PKAGetBigNumResultRemainder$21)
                  000141d0    0000007c     gap_pxxx.a : gap_linkmgr.o (.text)
                  0001424c    0000007c     gatt_pxxx.a : gatt_client.o (.text)
                  000142c8    0000007c                 : gatt_client.o (.text)
                  00014344    0000007c                 : gatt_server.o (.text)
                  000143c0    0000007c                 : gatt_server.o (.text)
                  0001443c    0000007c     hci_pxxx.a : hci_event.o (.text)
                  000144b8    0000007c                : hci_event.o (.text)
                  00014534    0000007c                : hci_event.o (.text)
                  000145b0    0000007c     l2cap_pxxx.a : l2cap_task.o (.text)
                  0001462c    0000007c     ll_pxxx.a : ll_common.o (.text)
                  000146a8    0000007c               : ll_common.o (.text)
                  00014724    0000007c     ble5_simple_peripheral_cc26x2r1lp_stack_library.lib : osal.obj (.text:osal_event_send$30)
                  000147a0    0000007c     drivers_cc26x2_v1.aem4f : PowerCC26X2_calibrateRCOSC.oem4f (.text:updateSubSecInc)
                  0001481c    0000007a     rtsv7M4_T_le_v4SPD16_eabi.lib : memset_t2.asm.obj (.text)
                  00014896    00000002     icall_api_lite.obj (.text:rfErrCb)
                  00014898    00000078     icall.obj (.text:ICall_heapInit)
                  00014910    00000078     rf_multiMode_cc26x2_v1.aem4f : RFCC26X2_multiMode.oem4f (.text:RF_howToSchedule)
                  00014988    00000078                                  : RFCC26X2_multiMode.oem4f (.text:RF_ratDispatchTime)
                  00014a00    00000078     gatt_pxxx.a : gatt_task.o (.text)
                  00014a78    00000078     l2cap_pxxx.a : l2cap_if.o (.text)
                  00014af0    00000078                  : l2cap_if.o (.text)
                  00014b68    00000078     ll_pxxx.a : ll_ae.o (.text)
                  00014be0    00000078               : ll_common.o (.text)
                  00014c58    00000078               : ll_common.o (.text)
                  00014cd0    00000078               : ll_common.o (.text)
                  00014d48    00000078               : ll_privacy.o (.text)
                  00014dc0    00000078     profiles_pxxx.a : gattservapp.o (.text)
                  00014e38    00000076     ll_pxxx.a : ll_common.o (.text)
                  00014eae    00000002     rtsv7M4_T_le_v4SPD16_eabi.lib : div0.asm.obj (.text)
                  00014eb0    00000074     drivers_cc26x2_v1.aem4f : PowerCC26X2_calibrateRCOSC.oem4f (.text:PowerCC26X2_auxISR)
                  00014f24    00000074     rf_multiMode_cc26x2_v1.aem4f : RFCC26X2_multiMode.oem4f (.text:RF_issueRadioFreeCb)
                  00014f98    00000074     gatt_pxxx.a : gatt_client.o (.text)
                  0001500c    00000074     ll_pxxx.a : ll_ae.o (.text)
                  00015080    00000074               : ll_common.o (.text)
                  000150f4    00000074               : ll_common.o (.text)
                  00015168    00000074               : ll_enc.o (.text)
                  000151dc    00000074     rom_sysbios.aem4f : rom_sysbios.obj (.text:ti_sysbios_gates_GateMutexPri_leave__E)
                  00015250    00000070     drivers_cc26x2_v1.aem4f : ECDHCC26X2.oem4f (.text:ECDH_computeSharedSecret)
                  000152c0    00000070                             : ECDHCC26X2.oem4f (.text:ECDH_generatePublicKey)
                  00015330    00000070     icall.obj (.text:ICall_heapGetStats)
                  000153a0    00000070     ble5_simple_peripheral_cc26x2r1lp_stack_library.lib : ble_dispatch_lite.obj (.text:ble_dispatch_liteProcess)
                  00015410    00000070                                                         : gapbondmgr.obj (.text:gapBondMgrBondReq$28)
                  00015480    00000070     l2cap_pxxx.a : l2cap_task.o (.text)
                  000154f0    00000070     ll_pxxx.a : ll.o (.text)
                  00015560    00000070               : ll_privacy.o (.text)
                  000155d0    00000070     sm_pxxx.a : sm_pairing.o (.text)
                  00015640    0000006e     gap_pxxx.a : gap_task.o (.text)
                  000156ae    0000006e     gatt_pxxx.a : gatt_server.o (.text)
                  0001571c    0000006d     rom_sysbios.aem4f : rom_sysbios.obj (.text:xdc_runtime_System_formatNum__I)
                  00015789    00000001     --HOLE-- [fill = 0]
                  0001578a    00000002     ble_release_pem4f.oem4f (.text:ti_sysbios_BIOS_nullFunc__I)
                  0001578c    0000006c     drivers_cc26x2_v1.aem4f : AESCCMCC26XX.oem4f (.text:AESCCM_swiFxn)
                  000157f8    0000006c     driverlib.lib : pka.obj (.text:NOROM_PKAEccMontgomeryMultiplyStart)
                  00015864    0000006c     simple_peripheral.obj (.text:SimplePeripheral_clearConnListEntry$1)
                  000158d0    0000006c     drivers_cc26x2_v1.aem4f : UARTCC26XX.oem4f (.text:UARTCC26XX_readCancel)
                  0001593c    0000006c     gap_pxxx.a : gap_configmgr.o (.text)
                  000159a8    0000006c                : gap_perilinkmgr.o (.text)
                  00015a14    0000006c     gatt_pxxx.a : gatt_client.o (.text)
                  00015a80    0000006c     l2cap_pxxx.a : l2cap_task.o (.text)
                  00015aec    0000006c     ll_pxxx.a : ble.o (.text)
                  00015b58    0000006c               : ll_common.o (.text)
                  00015bc4    0000006c               : ll_common.o (.text)
                  00015c30    0000006c               : ll_common.o (.text)
                  00015c9c    0000006c               : ll_common.o (.text)
                  00015d08    0000006c               : ll_enc.o (.text)
                  00015d74    0000006c               : ll_scheduler.o (.text)
                  00015de0    0000006c               : ll_wl.o (.text)
                  00015e4c    0000006c     sm_pxxx.a : sm_rsppairing.o (.text)
                  00015eb8    0000006c               : sm_rsppairing.o (.text)
                  00015f24    0000006a     ble5_simple_peripheral_cc26x2r1lp_stack_library.lib : gapbondmgr.obj (.text:gapBondMgrEraseLocalInfo$28)
                  00015f8e    00000002     rom_sysbios.aem4f : rom_sysbios.obj (.text:ti_sysbios_heaps_HeapCallback_defaultDelete)
                  00015f90    00000068     icall.obj (.text:ICall_send)
                  00015ff8    00000068     icall.obj (.text:ICall_sendServiceComplete)
                  00016060    00000068     driverlib.lib : osc.obj (.text:NOROM_OSCHF_AttemptToSwitchToXosc)
                  000160c8    00000068     rf_multiMode_cc26x2_v1.aem4f : RFCC26X2_multiMode.oem4f (.text:RF_getCurrentTime)
                  00016130    00000068                                  : RFCC26X2_multiMode.oem4f (.text:RF_ratDisableChannel)
                  00016198    00000068                                  : RFCC26X2_multiMode.oem4f (.text:RF_ratSetupChannel)
                  00016200    00000068     rtsv7M4_T_le_v4SPD16_eabi.lib : copy_decompress_lzss.c.obj (.text:decompress:lzss:__TI_decompress_lzss)
                  00016268    00000068     gap_pxxx.a : gap_configmgr.o (.text)
                  000162d0    00000068                : linkdb.o (.text)
                  00016338    00000068     l2cap_pxxx.a : l2cap_task.o (.text)
                  000163a0    00000068                  : l2cap_util.o (.text)
                  00016408    00000068     ll_pxxx.a : ll.o (.text)
                  00016470    00000068               : ll_common.o (.text)
                  000164d8    00000068               : ll_enc.o (.text)
                  00016540    00000068               : ll_enc.o (.text)
                  000165a8    00000068     ble5_simple_peripheral_cc26x2r1lp_stack_library.lib : osal_cbtimer.obj (.text:osal_CbTimerUpdate)
                  00016610    00000068     profiles_pxxx.a : gattservapp.o (.text)
                  00016678    00000066     rf_multiMode_cc26x2_v1.aem4f : RFCC26X2_multiMode.oem4f (.text:RF_syncCb)
                  000166de    00000066     ll_pxxx.a : ll_common.o (.text)
                  00016744    00000066               : ll_common.o (.text)
                  000167aa    00000002     ble_release_pem4f.oem4f (.text:ti_sysbios_rom_cortexm_cc26xx_agama_CC26xx_badRomRevision__E)
                  000167ac    00000064     drivers_cc26x2_v1.aem4f : CryptoResourceCC26XX.oem4f (.text:CryptoResourceCC26XX_constructRTOSObjects)
                  00016810    00000064                             : PKAResourceCC26XX.oem4f (.text:PKAResourceCC26XX_constructRTOSObjects)
                  00016874    00000064                             : UARTCC26XX.oem4f (.text:UARTCC26XX_control)
                  000168d8    00000064     gap_pxxx.a : gap_linkmgr.o (.text)
                  0001693c    00000064     hci_pxxx.a : hci.o (.text)
                  000169a0    00000064     l2cap_pxxx.a : l2cap_util.o (.text)
                  00016a04    00000064     ll_pxxx.a : ll_isr.o (.text)
                  00016a68    00000064               : ll_privacy.o (.text)
                  00016acc    00000064     profiles_pxxx.a : gapgattserver.o (.text)
                  00016b30    00000064                     : gattservapp.o (.text)
                  00016b94    00000064     sm_pxxx.a : sm_pairing.o (.text)
                  00016bf8    00000064               : sm_rsppairing.o (.text)
                  00016c5c    00000062     gap_pxxx.a : gap_linkmgr.o (.text)
                  00016cbe    00000002     rom_sysbios.aem4f : rom_sysbios.obj (.text:xdc_runtime_SysCallback_defaultAbort)
                  00016cc0    00000060     icall.obj (.text:ICall_createRemoteTasksAtRuntime)
                  00016d20    00000060     icall.obj (.text:ICall_enrollService)
                  00016d80    00000060     nvoctp.obj (.text:NVOCTP_copyItem$8)
                  00016de0    00000060     nvoctp.obj (.text:NVOCTP_readItemApi$8)
                  00016e40    00000060     drivers_cc26x2_v1.aem4f : PowerCC26X2.oem4f (.text:PowerCC26XX_calibrate)
                  00016ea0    00000060     rf_multiMode_cc26x2_v1.aem4f : RFCC26X2_multiMode.oem4f (.text:RF_ratAllocChannel)
                  00016f00    00000060                                  : RFCC26X2_multiMode.oem4f (.text:RF_ratArmChannel)
                  00016f60    00000060     gap_pxxx.a : gap_linkmgr.o (.text)
                  00016fc0    00000060                : gap_linkmgr.o (.text)
                  00017020    00000060                : gap_task.o (.text)
                  00017080    00000060     gatt_pxxx.a : gatt_server.o (.text)
                  000170e0    00000060     ll_pxxx.a : ll_common.o (.text)
                  00017140    00000060               : ll_ecc.o (.text)
                  000171a0    00000060               : ll_privacy.o (.text)
                  00017200    00000060     profiles_pxxx.a : gattservapp.o (.text)
                  00017260    0000005f     rom_sysbios.aem4f : rom_sysbios.obj (.text:xdc_runtime_Text_putLab__E)
                  000172bf    00000001     --HOLE-- [fill = 0]
                  000172c0    0000005e     icall.obj (.text:ICall_fetchMsg)
                  0001731e    0000005e     gatt_pxxx.a : gatt_client.o (.text)
                  0001737c    0000005e                 : gatt_server.o (.text)
                  000173da    0000005e     ll_pxxx.a : ll_common.o (.text)
                  00017438    0000005e               : ll_common.o (.text)
                  00017496    0000005e               : ll_isr.o (.text)
                  000174f4    0000005c     display.aem4f : Display.oem4f (.text:Display_doOpen)
                  00017550    0000005c     icall.obj (.text:ICall_pwrUpdActivityCounter)
                  000175ac    0000005c     nvoctp.obj (.text:NVOCTP_readItem$8)
                  00017608    0000005c     drivers_cc26x2_v1.aem4f : PINCC26XX.oem4f (.text:PIN_remove)
                  00017664    0000005c                             : PowerCC26X2_calibrateRCOSC.oem4f (.text:PowerCC26X2_RCOSC_clockFunc)
                  000176c0    0000005c     rf_multiMode_cc26x2_v1.aem4f : RFCC26X2_multiMode.oem4f (.text:RF_dispatchNextEvent)
                  0001771c    0000005c                                  : RFCC26X2_multiMode.oem4f (.text:RF_fsmXOSCState)
                  00017778    0000005c                                  : RFCC26X2_multiMode.oem4f (.text:RF_hwiCpe0PowerFsm)
                  000177d4    0000005c     att_pxxx.a : att_util.o (.text)
                  00017830    0000005c     drivers_cc26x2_v1.aem4f : NVSCC26XX.oem4f (.text:doErase)
                  0001788c    0000005c     gatt_pxxx.a : gatt_client.o (.text)
                  000178e8    0000005c     ll_pxxx.a : ll_ae.o (.text)
                  00017944    0000005c               : ll_ae.o (.text)
                  000179a0    0000005c               : ll_ae.o (.text)
                  000179fc    0000005c               : ll_common.o (.text)
                  00017a58    0000005c     profiles_pxxx.a : gattservapp.o (.text)
                  00017ab4    0000005c                     : gattservapp.o (.text)
                  00017b10    0000005c     simple_gatt_profile.obj (.text:simpleProfile_ReadAttrCB$17)
                  00017b6c    0000005c     sm_pxxx.a : sm_rsppairing.o (.text)
                  00017bc8    0000005c     ble_release_pem4f.oem4f (.text:xdc_runtime_Startup_getState__I)
                  00017c24    0000005a     hci_pxxx.a : hci.o (.text)
                  00017c7e    00000058     icall.obj (.text:ICall_wait)
                  00017cd6    00000002     rom_sysbios.aem4f : rom_sysbios.obj (.text:xdc_runtime_SysCallback_defaultExit)
                  00017cd8    00000058     nvoctp.obj (.text:NVOCTP_doNVCRC$8)
                  00017d30    00000058     drivers_cc26x2_v1.aem4f : PowerCC26X2_calibrateRCOSC.oem4f (.text:PowerCC26X2_initiateCalibration)
                  00017d88    00000058     rf_multiMode_cc26x2_v1.aem4f : RFCC26X2_multiMode.oem4f (.text:RF_cmdDispatchTime)
                  00017de0    00000058     simple_peripheral.obj (.text:SimplePeripheral_enqueueMsg$1)
                  00017e38    00000058     simple_peripheral.obj (.text:SimplePeripheral_updateRPA$1)
                  00017e90    00000058     boot.aem4f : boot.oem4f (.text)
                  00017ee8    00000058     drivers_cc26x2_v1.aem4f : PowerCC26X2.oem4f (.text:disableLFClockQualifiers)
                  00017f40    00000058     ble5_simple_peripheral_cc26x2r1lp_stack_library.lib : gapbondmgr.obj (.text:gapBondMgr_UpdateCharCfg$28)
                  00017f98    00000058     gap_pxxx.a : gap_linkmgr.o (.text)
                  00017ff0    00000058     hci_pxxx.a : hci_event.o (.text)
                  00018048    00000058     ll_pxxx.a : ll.o (.text)
                  000180a0    00000058               : ll.o (.text)
                  000180f8    00000058               : ll_common.o (.text)
                  00018150    00000058               : ll_common.o (.text)
                  000181a8    00000058               : ll_enc.o (.text)
                  00018200    00000058     ble5_simple_peripheral_cc26x2r1lp_stack_library.lib : osal_cbtimer.obj (.text:osal_CbTimerStop)
                  00018258    00000058     profiles_pxxx.a : gattservapp.o (.text)
                  000182b0    00000058     sm_pxxx.a : sm_pairing.o (.text)
                  00018308    00000058               : sm_rsppairing.o (.text)
                  00018360    00000056     ble5_simple_peripheral_cc26x2r1lp_stack_library.lib : gapbondmgr.obj (.text:gapBondMgrChangeState$28)
                  000183b6    00000056                                                         : gapbondmgr.obj (.text:gapBondMgrSetStateFlagFromConnhandle$28)
                  0001840c    00000056     l2cap_pxxx.a : l2cap_util.o (.text)
                  00018462    00000056     ll_pxxx.a : ll_common.o (.text)
                  000184b8    00000054     drivers_cc26x2_v1.aem4f : NVSCC26XX.oem4f (.text:NVSCC26XX_init)
                  0001850c    00000054     util.obj (.text:Util_convertBdAddr2Str)
                  00018560    00000054     ble5_simple_peripheral_cc26x2r1lp_stack_library.lib : gapbondmgr.obj (.text:gapBondStateDoGATTDisc$28)
                  000185b4    00000054     gap_pxxx.a : gap_task.o (.text)
                  00018608    00000054                : linkdb.o (.text)
                  0001865c    00000054     gatt_pxxx.a : gatt_client.o (.text)
                  000186b0    00000054                 : gatt_task.o (.text)
                  00018704    00000054                 : gatt_task.o (.text)
                  00018758    00000054     hci_pxxx.a : hci_event.o (.text)
                  000187ac    00000054     l2cap_pxxx.a : l2cap_task.o (.text)
                  00018800    00000054     ll_pxxx.a : ll_common.o (.text)
                  00018854    00000054     profiles_pxxx.a : gattservapp.o (.text)
                  000188a8    00000054     sm_pxxx.a : sm_pairing.o (.text)
                  000188fc    00000052     gatt_pxxx.a : gatt_server.o (.text)
                  0001894e    00000052     ll_pxxx.a : ll.o (.text)
                  000189a0    00000052               : ll_common.o (.text)
                  000189f2    00000002     rom_sysbios.aem4f : rom_sysbios.obj (.text:xdc_runtime_SysCallback_defaultFlush)
                  000189f4    00000050     nvoctp.obj (.text:NVOCTP_findOffset$8)
                  00018a44    00000050     rf_multiMode_cc26x2_v1.aem4f : RFCC26X2_multiMode.oem4f (.text:RF_applyRfCorePatch)
                  00018a94    00000050                                  : RFCC26X2_multiMode.oem4f (.text:RF_ratGenerateChCmd)
                  00018ae4    00000050                                  : RFCC26X2_multiMode.oem4f (.text:RF_schCmdRunInsert)
                  00018b34    00000050                                  : RFCC26X2_multiMode.oem4f (.text:RF_wakeupNotification)
                  00018b84    00000050     att_pxxx.a : att_util.o (.text)
                  00018bd4    00000050     drivers_cc26x2_v1.aem4f : PowerCC26X2.oem4f (.text:configureXOSCHF)
                  00018c24    00000050     gap_pxxx.a : gap_advertiser.o (.text)
                  00018c74    00000050                : gap_linkmgr.o (.text)
                  00018cc4    00000050     hci_pxxx.a : hci_event.o (.text)
                  00018d14    00000050     l2cap_pxxx.a : l2cap_task.o (.text)
                  00018d64    00000050     ll_pxxx.a : ll_common.o (.text)
                  00018db4    00000050               : ll_common.o (.text)
                  00018e04    00000050               : ll_scheduler.o (.text)
                  00018e54    0000004e     l2cap_pxxx.a : l2cap_util.o (.text)
                  00018ea2    00000002     rom_sysbios.aem4f : rom_sysbios.obj (.text:xdc_runtime_SysCallback_defaultPutch)
                  00018ea4    0000004c     icall.obj (.text:ICall_newTask$9)
                  00018ef0    0000004c     driverlib.lib : chipinfo.obj (.text:NOROM_ChipInfo_GetChipType)
                  00018f3c    0000004c     nvoctp.obj (.text:NVOCTP_write$8)
                  00018f88    0000004c     rf_multiMode_cc26x2_v1.aem4f : RFCC26X2_multiMode.oem4f (.text:RF_ratRestartChannels)
                  00018fd4    0000004c     util.obj (.text:Util_constructClock)
                  00019020    0000004c     rtsv7M4_T_le_v4SPD16_eabi.lib : cpy_tbl.c.obj (.text:copy_in)
                  0001906c    0000004c     ble5_simple_peripheral_cc26x2r1lp_stack_library.lib : gapbondmgr.obj (.text:gapBondMgrReadBonds$28)
                  000190b8    0000004c     gap_pxxx.a : gap_linkmgr.o (.text)
[...]
200013b4  ti_sysbios_gates_GateMutex_Module__root__V                           
200013bc  ti_sysbios_hal_Hwi_Module__root__V                                   
200013c4  ti_sysbios_heaps_HeapCallback_Module__root__V                        
200013cc  ti_sysbios_heaps_HeapMem_Module__root__V                             
200013d4  ti_sysbios_knl_Clock_Module__root__V                                 
200013dc  ti_sysbios_knl_Event_Module__root__V                                 
200013e4  ti_sysbios_knl_Mailbox_Module__root__V                               
200013ec  ti_sysbios_knl_Queue_Module__root__V                                 
200013f4  ti_sysbios_knl_Semaphore_Module__root__V                             
200013fc  ti_sysbios_knl_Swi_Module__root__V                                   
20001404  ti_sysbios_knl_Task_Module__root__V                                  
2000140c  xdc_runtime_Registry_Module__state__V                                
2000141a  slaveConnHandle                                                      
2000141c  pwrmgr_initialized                                                   
2000141e  pwrmgr_attribute                                                     
20001420  icallServiceTblPtr                                                   
20001428  appAssertCback                                                       
2000142c  main_func_sp                                                         
20001430  ti_sysbios_family_arm_m3_Hwi_Module_State_0_excContext__A            
20001434  ti_sysbios_family_arm_m3_Hwi_Module_State_0_excStack__A              
20001438  ti_sysbios_knl_Task_Module_State_0_idleTask__A                       
2000143c  nextHandle                                                           
2000143e  l2capMtuSize                                                         
20001440  maxExtAdvDataLen                                                     
20001442  smRspWaitingConnHandle                                               
20001444  ti_sysbios_family_arm_m3_Hwi_Module_State_0_excActive__A             
2000144a  updateHandle                                                         
2000144b  gapUnwantedTaskID                                                    
2000144c  indTaskId                                                            
2000144d  reqTaskId                                                            
2000144e  gattAppTaskID                                                        
2000144f  flowCtrlTaskId                                                       
20001450  flowCtrlFwdTaskId                                                    
20001451  maxSupportedAdvSets                                                  
20001452  aeSlaveSCA                                                           
20001453  deviceNameCharProps                                                  
20001454  appearanceCharProps                                                  
20001455  periConnParamCharProps                                               
20001456  resolvablePrivateAddressOnlyCharProps                                
20001457  appTaskID                                                            
20001458  ti_sysbios_knl_Task_Instance_State_0_stack__A                        
20001758  uartCC26XXObjects                                                    
20001b68  ti_sysbios_family_arm_m3_Hwi_dispatchTable                           
20001c40  rfObject                                                             
20001d88  pinHandleTable                                                       
20001e04  attClientNotifyTxCB                                                  
20001e70  ecdhCC26X2Objects                                                    
20001ec4  aesecbCC26XXObjects                                                  
20001f10  aeCBackTbl                                                           
20001f54  localEccKeys                                                         
20001f98  aesccmCC26XXObjects                                                  
20001fdc  uartCC26XXRingBuffer                                                 
2000201c  advDataEntry                                                         
20002120  linkCBs                                                              
20002150  l2capFixedChannels                                                   
20002180  nvFptrs                                                              
200021cc  rfSetup                                                              
200021f0  operationCCM                                                         
20002234  localPrivKeyMaterial                                                 
20002254  enckey                                                               
200022cc  gapParams                                                            
200022e8  trxTestCmd                                                           
2000233c  CryptoResourceCC26XX_accessSemaphore                                 
20002358  CryptoResourceCC26XX_hwi                                             
20002374  CryptoResourceCC26XX_operationSemaphore                              
20002390  PKAResourceCC26XX_accessSemaphore                                    
200023ac  PKAResourceCC26XX_hwi                                                
200023c8  PKAResourceCC26XX_operationSemaphore                                 
200023e4  deviceName                                                           
200023fc  rsp                                                                  
20002454  connOutput                                                           
20002468  deviceFeatureSet                                                     
200024a0  gapConfig_SRK                                                        
200024b0  advDataQueue                                                         
200024c0  eccParams                                                            
200024d0  localPrivateKey                                                      
200024e0  localPublicKey                                                       
200024f0  remotePublicKey                                                      
20002500  sharedSecret                                                         
20002510  operationComputeSharedSecret                                         
20002520  cryptoKey                                                            
20002530  encParamsCCM                                                         
20002540  encParamsECB                                                         
20002550  operationECB                                                         
20002570  timerHead                                                            
20002574  osal_last_timestamp                                                  
20002588  rxTestOut                                                            
20002594  operationGeneratePublicKey                                           
200025a0  cachedTRNGdata                                                       
200025ac  llTaskList                                                           
200025b8  displayUartObject                                                    
200025c4  gapCurrentRandomAddr                                                 
200025cc  slaveUpdateReq                                                       
200025d4  pHciEvtMask                                                          
200025dc  pHciEvtMask2                                                         
200025e4  pBleEvtMask                                                          
200025ec  verInfo                                                              
200025f4  ownPublicAddr                                                        
200025fc  ownSavedPublicAddr                                                   
20002604  ownRandomAddr                                                        
2000260c  llConns                                                              
20002614  attServerNotifyTxCB                                                  
20002618  rfEvent                                                              
20002620  llConnEvtNotice                                                      
20002628  privInfo                                                             
20002630  gattReTxList                                                         
20002640  pGapAdvHostInfo                                                      
20002644  pfnPeripheralConnCBs                                                 
20002648  connEvtCB                                                            
2000264c  pAuthLink                                                            
20002650  pfnCentralConnCBs                                                    
20002654  pGapPeripheralConnCBs                                                
20002658  pfnBondMgrCBs                                                        
2000265c  linkDB                                                               
20002660  clientInfoTbl                                                        
20002664  pServiceList                                                         
20002668  serverInfoTbl                                                        
2000266c  pfnClientProcessMsgCB                                                
20002670  pfnServerProcessMsgCB                                                
20002674  l2capChannels                                                        
20002678  linkCmd                                                              
2000267c  linkParam                                                            
20002680  rxDataQ                                                              
20002684  txDataQ                                                              
20002688  rxRingBuf                                                            
2000268c  SysBootMsg                                                           
20002690  sclkSrc                                                              
20002694  rfDrvTblPtr                                                          
20002698  eccDrvTblPtr                                                         
2000269c  cryptoDrvTblPtr                                                      
200026a0  trngDrvTblPtr                                                        
200026a4  rtosApiTblPtr                                                        
200026a8  rfHandle                                                             
200026ac  dtmInfo                                                              
200026b0  activeConns                                                          
200026b4  pRfPathComp                                                          
200026b8  taskEndAction                                                        
200026bc  advSetList                                                           
200026c0  ecdhHandle                                                           
200026c4  operationResult                                                      
200026c8  encHandleCCM                                                         
200026cc  encHandleECB                                                         
200026d0  resolvingList                                                        
200026d4  wlTable                                                              
200026d8  wlTableScan                                                          
200026dc  ggs_AppCBs                                                           
200026e0  prepareWritesTbl                                                     
200026e4  serviceCBsList                                                       
200026e8  pAttrValue                                                           
200026ec  pPairingParams                                                       
200026f0  pfnResponderCBs                                                      
200026f4  pfnInitiatorCBs                                                      
200026f8  pSmResponderCBs                                                      
200026fc  ClockP_tickPeriod                                                    
20002700  PowerCC26XX_swiKey                                                   
20002704  PowerCC26XX_taskKey                                                  
20002708  nvsCC26xxObjects                                                     
2000270c  tasksEvents                                                          
20002710  trngCC26XXObjects                                                    
20002714  numHostBufs                                                          
20002716  buildInfo                                                            
20002718  rfCfgAdiVal                                                          
2000271a  supportedMaxTxOctets                                                 
2000271c  supportedMaxTxTime                                                   
2000271e  connInitialMaxTxOctets                                               
20002720  connInitialMaxTxTime                                                 
20002722  rfCmdHandle                                                          
20002724  postRfOperations                                                     
20002726  connInitialMaxTxTimeUncoded                                          
20002728  connInitialMaxTxTimeCoded                                            
2000272a  supportedMaxRxOctets                                                 
2000272c  supportedMaxRxTime                                                   
2000272e  taskEndStatus                                                        
20002732  appearance                                                           
20002734  attrLen                                                              
20002736  att_sendRspOnly                                                      
20002737  advInit                                                              
20002738  updateState                                                          
20002739  advCount                                                             
2000273a  gapDeviceAddrMode                                                    
2000273b  gapProfileRole                                                       
2000273c  gapState                                                             
2000273d  terminateReason                                                      
2000273e  gapTaskID                                                            
2000273f  linkDBNumConns                                                       
20002740  linkDB_secureConnectionOnlyMode                                      
20002741  gattNumConns                                                         
20002742  gattTaskID                                                           
20002743  hciPTMenabled                                                        
20002744  ctrlToHostEnable                                                     
20002745  hciTaskID                                                            
20002746  hciGapTaskID                                                         
20002747  hciTestTaskID                                                        
20002748  hciL2capTaskID                                                       
20002749  hciSmpTaskID                                                         
2000274a  l2capFlowCtrlMode                                                    
2000274b  l2capTaskID                                                          
2000274c  l2capNumChannels                                                     
2000274d  l2cap_gattServAppTaskID                                              
2000274e  l2capNumDataPkts                                                     
2000274f  l2capId                                                              
20002751  LL_TaskID                                                            
20002752  rfFeModeBias                                                         
20002753  maxNumTxDataBufs                                                     
20002754  maxNumConns                                                          
20002755  maxPduSize                                                           
20002756  maxTxPwrForDTM                                                       
20002757  llState                                                              
20002758  rssiCorrection                                                       
20002759  curTxPowerVal                                                        
2000275a  onePktPerEvt                                                         
2000275b  numTxDataBufs                                                        
2000275c  defaultPhy                                                           
2000275d  numComplPkts                                                         
2000275e  numComplPktsLimit                                                    
2000275f  numComplPktsFlush                                                    
20002760  fastTxRespTime                                                       
20002761  slOverride                                                           
20002762  rxFifoFlowCtrl                                                       
20002763  scanReqRpt                                                           
20002764  aeCurAdvEnableHandle                                                 
20002765  aeCurHandle                                                          
20002766  aeCurConnHandle                                                      
20002767  wlSize                                                               
20002768  rlSize                                                               
20002769  resolvablePrivateAddressOnly                                         
2000276a  GATTServApp_TaskID                                                   
2000276b  maxNumPrepareWrites                                                  
2000276c  smTaskID                                                             
2000276d  SM_appExpectingKey                                                   
2000276e  driverlib_release_0_51635                                            
2000276f  icall_liteTaskId                                                     
20002770  heapStart                                                            
200130f8  __stack                                                              
200130f8  heapEnd                                                              
200134f8  __STACK_END                                                          
200134f8  __STACK_TOP                                                          
e000e000  ti_sysbios_family_arm_m3_Hwi_nvic                                    
ffffffff  __TI_pprof_out_hndl                                                  
ffffffff  __TI_prof_data_size                                                  
ffffffff  __TI_prof_data_start                                                 
ffffffff  __binit__                                                            
ffffffff  __c_args__                                                           
ffffffff  binit                                                                
UNDEFED   SHT$$INIT_ARRAY$$Base                                                
UNDEFED   SHT$$INIT_ARRAY$$Limit                                               

[2145 symbols]
